../coreHTTP/core_http_client.c:531:17:getZeroTimestampMs	4	static
../coreHTTP/core_http_client.c:537:15:caseInsensitiveStringCmp	32	static
../coreHTTP/core_http_client.c:576:13:processCompleteHeader	48	static
../coreHTTP/core_http_client.c:629:12:httpParserOnMessageBeginCallback	24	static
../coreHTTP/core_http_client.c:648:12:httpParserOnStatusCallback	32	static
../coreHTTP/core_http_client.c:689:12:httpParserOnHeaderFieldCallback	32	static
../coreHTTP/core_http_client.c:746:12:httpParserOnHeaderValueCallback	32	static
../coreHTTP/core_http_client.c:790:12:httpParserOnHeadersCompleteCallback	32	static
../coreHTTP/core_http_client.c:882:12:httpParserOnBodyCallback	40	static
../coreHTTP/core_http_client.c:954:12:httpParserOnMessageCompleteCallback	24	static
../coreHTTP/core_http_client.c:973:13:initializeParsingContextForFirstResponse	16	static
../coreHTTP/core_http_client.c:1013:21:processLlhttpError	24	static
../coreHTTP/core_http_client.c:1128:21:parseHttpResponse	32	static
../coreHTTP/core_http_client.c:1198:16:convertInt32ToAscii	32	static
../coreHTTP/core_http_client.c:1251:15:httpHeaderStrncpy	40	static
../coreHTTP/core_http_client.c:1300:21:addHeader	48	static
../coreHTTP/core_http_client.c:1400:21:addRangeHeader	80	static
../coreHTTP/core_http_client.c:1471:21:writeRequestLine	48	static
../coreHTTP/core_http_client.c:1547:14:HTTPClient_InitializeRequestHeaders	32	static
../coreHTTP/core_http_client.c:1647:14:HTTPClient_AddHeader	40	static
../coreHTTP/core_http_client.c:1707:14:HTTPClient_AddRangeHeader	32	static
../coreHTTP/core_http_client.c:1772:14:HTTPClient_SendHttpData	56	static
../coreHTTP/core_http_client.c:1852:21:addContentLengthHeader	40	static
../coreHTTP/core_http_client.c:1884:14:HTTPClient_SendHttpHeaders	32	static
../coreHTTP/core_http_client.c:1922:21:sendHttpBody	32	static
../coreHTTP/core_http_client.c:1943:21:getFinalResponseStatus	32	static
../coreHTTP/core_http_client.c:1990:14:HTTPClient_ReceiveAndParseHttpResponse	208	static
../coreHTTP/core_http_client.c:2111:21:sendHttpRequest	40	static
../coreHTTP/core_http_client.c:2154:14:HTTPClient_Send	40	static
../coreHTTP/core_http_client.c:2258:12:findHeaderFieldParserCallback	32	static
../coreHTTP/core_http_client.c:2300:12:findHeaderValueParserCallback	32	static
../coreHTTP/core_http_client.c:2359:12:findHeaderOnHeaderCompleteCallback	24	static
../coreHTTP/core_http_client.c:2391:21:findHeaderInResponse	168	static
../coreHTTP/core_http_client.c:2499:14:HTTPClient_ReadHeader	40	static
../coreHTTP/core_http_client.c:2564:14:HTTPClient_strerror	24	static
