../Core/Src/main.c:143:5:main	16	static
../Core/Src/main.c:281:6:SystemClock_Config	88	static
../Core/Src/main.c:327:13:MX_I2C1_Init	8	static
../Core/Src/main.c:375:13:MX_RNG_Init	8	static
../Core/Src/main.c:401:13:MX_SPI1_Init	8	static
../Core/Src/main.c:439:13:MX_TIM1_Init	96	static
../Core/Src/main.c:514:13:MX_TIM6_Init	16	static
../Core/Src/main.c:552:13:MX_UART4_Init	8	static
../Core/Src/main.c:585:13:MX_USB_OTG_FS_PCD_Init	8	static
../Core/Src/main.c:618:13:MX_DMA_Init	16	static
../Core/Src/main.c:643:13:MX_GPIO_Init	56	static
../Core/Src/main.c:717:6:HAL_GPIO_EXTI_Callback	16	static
../Core/Src/main.c:722:6:Receiver_cardinfor_task	104	static
../Core/Src/main.c:744:6:ledStatus_Task	24	static
../Core/Src/main.c:813:6:StartDefaultTask	16	static
../Core/Src/main.c:843:6:HAL_TIM_PeriodElapsedCallback	16	static
../Core/Src/main.c:860:6:Error_Handler	4	static,ignoring_inline_asm
